// Jest Snapshot v1, https://goo.gl/fbAQLP

exports[`Peer - Map - Save Exchange Scope Modal should show the form text and no error messages on init 1`] = `
<pf-save-exchange-scope-modal
  exchangeScopeApiService={[Function Object]}
  fb={[Function FormBuilder]}
  saveExchangeScopeForm={[Function FormGroup]}
  saveExchangeScopeModalOpen$={[Function Store]}
  store={[Function Store]}
  upsertExchangeScopeEvent={[Function EventEmitter]}
  upsertingExchangeScope$={[Function Store]}
  upsertingExchangeScopeError$={[Function Store]}
  validatingScopeName="false"
>
  <pf-modal-form
    class="ng-untouched ng-pristine ng-invalid"
    ng-reflect-form="[object Object]"
    title="Create Exchange Scope"
  >
    
    <input
      class="form-control ng-untouched ng-pristine ng-invalid"
      formcontrolname="exchangeScopeName"
      id="exchange-scope-name"
      ng-reflect-name="exchangeScopeName"
      pffocus=""
      placeholder="Name"
      type="text"
    />
    
    
    
    
    
    <span
      class="pf-placeholder"
    />
  </pf-modal-form>
</pf-save-exchange-scope-modal>
`;
