// Jest Snapshot v1, https://goo.gl/fbAQLP

exports[`CommunityCategoriesComponent should show community categories 1`] = `
<pf-community-post-filter-options
  filterStore={[Function Store]}
  filters$={[Function Store]}
  router={[Function Object]}
  store={[Function Store]}
>
  
</pf-community-post-filter-options>
`;
