// Jest Snapshot v1, https://goo.gl/fbAQLP

exports[`UserRoleDataAccessTabComponent should display message on system role 1`] = `
<pf-user-role-data-access-tab
  __ngContext__={[Function LRootView]}
  currentRole$={[Function Observable]}
  dataTypes$={[Function Observable]}
  roleDataRestrictions$={[Function Observable]}
  store={[Function Store]}
>
  <div>
    <div>
      <h4>
        No data restrictions can be added to the Test Role role. If you would like to add data restrictions, please create a new user role.
      </h4>
    </div>
  </div>
</pf-user-role-data-access-tab>
`;

exports[`UserRoleDataAccessTabComponent should show data access tab on company role 1`] = `
<pf-user-role-data-access-tab
  __ngContext__={[Function LRootView]}
  currentRole$={[Function Observable]}
  dataTypes$={[Function Observable]}
  roleDataRestrictions$={[Function Observable]}
  store={[Function Store]}
>
  <div>
    <div
      class="row"
    >
      <div
        class="col-xl-10 col-12"
      >
        <div
          class="alert alert-info"
        >
           Create user roles to permit or restrict users from accessing specific data. Users assigned to a role cannot access any data that does not meet the criteria defined below.
          <br />
           Select 
          <span
            class="text-danger"
          >
            Is equal to
          </span>
           to allow users access to only data defined in the field and select 
          <span
            class="text-danger"
          >
            Is not equal to
          </span>
           to allow users access to everything except data defined in the field. If there are no restrictions set, users will have access to all data for that entity. 
        </div>
      </div>
      <div
        class="col-xl-10 col-12"
      >
        <div
          class="d-flex align-items-center pb-2"
        >
          <div
            class="flex-grow-1 mr-4"
          >
            <b>
              Test Data type
            </b>
          </div>
          <div
            class="action-buttons"
          >
          </div>
        </div>
        <div
          class="d-flex align-items-center pb-2"
        >
          <div
            class="flex-grow-1 mr-4"
          >
            <pf-data-field-filter />
          </div>
          <div
            class="action-buttons"
          >
          </div>
        </div>
        <hr />
      </div>
    </div>
  </div>
</pf-user-role-data-access-tab>
`;
