// Jest Snapshot v1, https://goo.gl/fbAQLP

exports[`Peer - Exchange Job Mapping Info should NOT display an add mapping button, when the selected exchange job mapping is not mapped 1`] = `
<pf-exchange-job-mapping-info
  activeExchangeJobToCompanyJobIdSubscription={[Function Subscriber]}
  addingMapping="false"
  addingMapping$={[Function Store]}
  addingMappingSubscription={[Function Subscriber]}
  applyingMapping$={[Function Store]}
  applyingMappingError$={[Function Store]}
  carousel="undefined"
  closeClicked={[Function EventEmitter]}
  companyDescriptionQuery=""
  companyJobQuery=""
  companyJobsToMapTo$={[Function Store]}
  companyJobsToMapToLoading$={[Function Store]}
  companyJobsToMapToLoadingError$={[Function Store]}
  debouncedQueryValue=""
  deletingMapping$={[Function Store]}
  deletingMappingError$={[Function Store]}
  editMappingClicked={[Function EventEmitter]}
  exchangeJobInfo={[Function Object]}
  getActiveCompanyJobId$={[Function Store]}
  loadingExchangeMappingInfo$={[Function Store]}
  selectedCompanyJobInfoModels$={[Function Store]}
  selectedCompanyJobsSubscription={[Function Subscriber]}
  selectedExchangeJobMapping={[Function Object]}
  selectedExchangeJobMapping$={[Function Store]}
  selectedExchangeJobMappingSubscription={[Function Subscriber]}
  selectedJobs={[Function Array]}
  selectedMappingCompanyJobId$={[Function Store]}
  store={[Function Store]}
>
  <div
    class="mapping-info-container card h-100"
  >
    <div
      class="card-header"
    >
      <div
        class="align-self-center mr-auto"
      >
         Job Information 
      </div>
      
      <div
        class="close-btn"
      >
        <fa-icon />
      </div>
    </div>
    <div
      class="card-body d-flex"
    >
      <pf-job-info-container />
      <div
        class="vertical-separator"
      />
      <pf-async-container
        class="company-job-mapping-container"
      >
        
        
        <div
          class="company-job-mapping-add"
        >
          <div
            style="display:flex;"
          >
            <pf-input-debounce
              class="search-box"
            />
            <pf-input-debounce
              class="search-box"
            />
          </div>
          <div
            class="mapping-results-container remove-scroll"
          >
            <pf-async-container>
              
              
            </pf-async-container>
          </div>
        </div>
      </pf-async-container>
    </div>
  </div><pf-delete-mapping-confirmation-modal />
</pf-exchange-job-mapping-info>
`;

exports[`Peer - Exchange Job Mapping Info should display a carousel when more than one company job is mapped 1`] = `
<pf-exchange-job-mapping-info
  activeExchangeJobToCompanyJobIdSubscription={[Function Subscriber]}
  addingMapping="false"
  addingMapping$={[Function Store]}
  addingMappingSubscription={[Function Subscriber]}
  applyingMapping$={[Function Store]}
  applyingMappingError$={[Function Store]}
  carousel="undefined"
  closeClicked={[Function EventEmitter]}
  companyDescriptionQuery=""
  companyJobQuery=""
  companyJobsToMapTo$={[Function Store]}
  companyJobsToMapToLoading$={[Function Store]}
  companyJobsToMapToLoadingError$={[Function Store]}
  debouncedQueryValue=""
  deletingMapping$={[Function Store]}
  deletingMappingError$={[Function Store]}
  editMappingClicked={[Function EventEmitter]}
  exchangeJobInfo={[Function Object]}
  getActiveCompanyJobId$={[Function Store]}
  loadingExchangeMappingInfo$={[Function Store]}
  selectedCompanyJob={[Function Object]}
  selectedCompanyJobInfoModels$={[Function Store]}
  selectedCompanyJobsSubscription={[Function Subscriber]}
  selectedExchangeJobMapping={[Function Object]}
  selectedExchangeJobMapping$={[Function Store]}
  selectedExchangeJobMappingSubscription={[Function Subscriber]}
  selectedJobs={[Function Array]}
  selectedMappingCompanyJobId$={[Function Store]}
  store={[Function Store]}
>
  <div
    class="mapping-info-container card h-100"
  >
    <div
      class="card-header"
    >
      <div
        class="align-self-center mr-auto"
      >
         Job Information 
      </div>
      
      
      <button
        class="btn btn-sm btn-secondary"
        id="add-mapping-button"
        ng-reflect-klass="btn btn-sm"
        ng-reflect-ng-class="[object Object]"
      >
         Add Association 
      </button>
      <div
        class="close-btn"
      >
        <fa-icon />
      </div>
    </div>
    <div
      class="card-body d-flex"
    >
      <pf-job-info-container />
      <div
        class="vertical-separator"
      />
      <pf-async-container
        class="company-job-mapping-container"
      >
        
        <div
          class="company-job-mapping d-flex flex-column justify-content-between"
        >
          <ngb-carousel>
            
            
            
            
            
          </ngb-carousel>
          
          <div
            class="carousel-controls d-flex flex-row justify-content-between"
          >
            <div
              class="control control-left"
            >
              <fa-icon
                icon="chevron-circle-left"
                size="2x"
              />
            </div>
            <div
              class="indicators flex-grow-1 space-out-children text-center"
            >
              
              <span
                class="control active"
                ng-reflect-klass="control"
                ng-reflect-ng-class="[object Object]"
              >
                <fa-icon
                  icon="circle"
                />
              </span>
              <span
                class="control"
                ng-reflect-klass="control"
                ng-reflect-ng-class="[object Object]"
              >
                <fa-icon
                  icon="circle"
                />
              </span>
            </div>
            <div
              class="control control-right"
            >
              <fa-icon
                icon="chevron-circle-right"
                size="2x"
              />
            </div>
          </div>
        </div>
        
      </pf-async-container>
    </div>
  </div><pf-delete-mapping-confirmation-modal />
</pf-exchange-job-mapping-info>
`;

exports[`Peer - Exchange Job Mapping Info should display an add mapping button, when the selected exchange job mapping is mapped 1`] = `
<pf-exchange-job-mapping-info
  activeExchangeJobToCompanyJobIdSubscription={[Function Subscriber]}
  addingMapping="false"
  addingMapping$={[Function Store]}
  addingMappingSubscription={[Function Subscriber]}
  applyingMapping$={[Function Store]}
  applyingMappingError$={[Function Store]}
  carousel="undefined"
  closeClicked={[Function EventEmitter]}
  companyDescriptionQuery=""
  companyJobQuery=""
  companyJobsToMapTo$={[Function Store]}
  companyJobsToMapToLoading$={[Function Store]}
  companyJobsToMapToLoadingError$={[Function Store]}
  debouncedQueryValue=""
  deletingMapping$={[Function Store]}
  deletingMappingError$={[Function Store]}
  editMappingClicked={[Function EventEmitter]}
  exchangeJobInfo={[Function Object]}
  getActiveCompanyJobId$={[Function Store]}
  loadingExchangeMappingInfo$={[Function Store]}
  selectedCompanyJobInfoModels$={[Function Store]}
  selectedCompanyJobsSubscription={[Function Subscriber]}
  selectedExchangeJobMapping={[Function Object]}
  selectedExchangeJobMapping$={[Function Store]}
  selectedExchangeJobMappingSubscription={[Function Subscriber]}
  selectedJobs={[Function Array]}
  selectedMappingCompanyJobId$={[Function Store]}
  store={[Function Store]}
>
  <div
    class="mapping-info-container card h-100"
  >
    <div
      class="card-header"
    >
      <div
        class="align-self-center mr-auto"
      >
         Job Information 
      </div>
      
      
      <button
        class="btn btn-sm btn-secondary"
        id="add-mapping-button"
        ng-reflect-klass="btn btn-sm"
        ng-reflect-ng-class="[object Object]"
      >
         Add Association 
      </button>
      <div
        class="close-btn"
      >
        <fa-icon />
      </div>
    </div>
    <div
      class="card-body d-flex"
    >
      <pf-job-info-container />
      <div
        class="vertical-separator"
      />
      <pf-async-container
        class="company-job-mapping-container"
      >
        
        <div
          class="company-job-mapping d-flex flex-column justify-content-between"
        >
          <ngb-carousel>
            
          </ngb-carousel>
          
        </div>
        
      </pf-async-container>
    </div>
  </div><pf-delete-mapping-confirmation-modal />
</pf-exchange-job-mapping-info>
`;
