// Jest Snapshot v1, https://goo.gl/fbAQLP

exports[`Project - Add Jobs - Structures Page should not display GUI features related to job count in non small biz companies, and should display the "normal" result count  1`] = `
<pf-add-jobs-to-range-page
  _Permissions={[Function Function]}
  addJobsConfig={[Function Object]}
  addingData$={[Function Store]}
  addingDataError$={[Function Store]}
  addingDataErrorMessage$={[Function Store]}
  currentJobCountSetting="0"
  dragulaService={[Function DragulaService]}
  gradesSubscription={[Function Subscriber]}
  injectedAddJobsConfig="null"
  isSmallBiz="false"
  jobCount$={[Function Store]}
  maxAllowedJobsSetting="0"
  numberOfResults$={[Function Observable]}
  numberOfSearchResults$={[Function Store]}
  pageShown$={[Function Observable]}
  route={[Function Object]}
  router={[Function Object]}
  searchFeatureId={[Function String]}
  searchFilterMappingDataObj={[Function Object]}
  searchingChildFilters$={[Function Store]}
  searchingFilter$={[Function Store]}
  selectedJobIdsSubscription={[Function Subscriber]}
  selectedPayfactorsJobCodesSubscription={[Function Subscriber]}
  selectedPaymarkets$={[Function Store]}
  settingsService={[Function SettingsService]}
  store={[Function Store]}
  userContext={[Function Observable]}
  userFilterTypeData={[Function Object]}
>
  <pf-search-layout>
    
    
    <div
      class="create-new-job"
      data-qa-id="btn-createNewJobNav"
    >
      <div
        class="search-action"
      >
        <fa-icon />
         Create New Job 
      </div>
    </div>
    <pf-search-filters />
    
    
    <pf-results-header />
    <pf-structures-jobs-search-results />
    
    <pf-paymarkets />
    
    
    <pf-jobs-to-grade-container />
    
    
    <span>
      
      <button
        class="btn btn-link mr-3 auto-grade"
        data-qa-id="btn-autoGradeSelectedJobs"
        disabled=""
      >
         Auto Grade Selected Jobs 
      </button>
      <button
        class="btn btn-sm btn-secondary mr-3 clear-selections"
        data-qa-id="btn-clearSelections"
      >
         Clear Selections 
      </button>
      
      
      <button
        class="btn btn-sm legacy-primary-btn mr-3 au-btn-add"
        data-qa-id="btn-saveJobs"
        disabled=""
      >
         Save 
      </button>
      <button
        class="btn btn-sm btn-secondary mr-3 au-btn-cancel"
        data-qa-id="btn-cancelAddJobs"
      >
         Cancel 
      </button>
      
      <button
        class="btn btn-link mr-3 au-btn-addall"
        data-qa-id="btn-selectAllJobs"
      >
        
         Select All 
        <span>
            
        </span>
      </button>
      
    </span>
    
  </pf-search-layout>
</pf-add-jobs-to-range-page>
`;
