// Jest Snapshot v1, https://goo.gl/fbAQLP

exports[`Peer - Job Info Container should show the job code, when showJobCode is true 1`] = `
<pf-job-info-container
  __ngContext__={[Function LRootView]}
  job={[Function Object]}
  showJobCode={[Function Boolean]}
>
  <div
    class="flex-column h-100"
  >
    <h5
      class="mb-3 font-weight-bold"
    >
      Company Job
    </h5>
    <div
      class="pr-3 d-flex"
    >
      <div
        class="flex-grow-1"
      >
        <div
          class="d-flex"
        >
          <div
            class="pr-3 flex-grow-1"
          >
            <div
              class="info-row"
            >
              <label
                class="font-weight-bold w-25 mb-0"
              >
                Job:
              </label>
              <span>
                Mock Job 
                 - 1002
              </span>
            </div>
            <div
              class="info-row"
            >
              <label
                class="font-weight-bold w-25 mb-0"
              >
                Job Family:
              </label>
              <span>
                Mock Family
              </span>
            </div>
            <div
              class="info-row"
            >
              <label
                class="font-weight-bold w-25 mb-0"
              >
                Job Level:
              </label>
              <span>
                Mock Level
              </span>
            </div>
          </div>
        </div>
        <div
          class="info-row"
        >
          <label
            class="font-weight-bold w-25"
          >
            Job Description:
          </label>
        </div>
      </div>
    </div>
    <div
      class="info-row border-0 pr-3 job-description-container"
    >
       Lorem Ipsum 
    </div>
  </div>
</pf-job-info-container>
`;
