// Jest Snapshot v1, https://goo.gl/fbAQLP

exports[`Admin - Company Admin - User Page Should show the add user page 1`] = `
<pf-user-management-page
  accessLevel={[Function String]}
  addUserFlag={[Function Boolean]}
  apiError$={[Function Store]}
  companyId="undefined"
  loaded$={[Function Store]}
  loading$={[Function Store]}
  location={[Function SpyLocation]}
  permissions={[Function Array]}
  route={[Function ActivatedRoute]}
  store={[Function Store]}
  user$={[Function Store]}
  userContext$={[Function Observable]}
  userId="undefined"
  userRoles$={[Function Store]}
>
  <pf-async-container>
    <pf-page-with-title-bar>
      
       Add User 
      
      <button
        class="btn btn-primary"
        id="user-page-save"
      >
        Save
      </button>
      <button
        class="btn btn-secondary"
        id="user-page-cancel"
      >
        Cancel
      </button>
      
      
      <div
        class="row no-gutters"
      >
        <div
          class="col-lg-6 px-3"
        >
          <pf-user-form />
        </div>
        <div
          class="col-lg-6 px-3 mt-4"
        >
          <div
            class="card"
          >
            <div
              class="card-body"
            >
              <h3
                class="card-title text-center"
              >
                 We've moved! 
              </h3>
              <p
                class="card-text"
              >
                 Tile access and restrictions are now managed with our new User Roles functionality. To access User Roles, click on the dropdown next to your name on the top right of the screen and select Company Administration. In the User Management section, you will see a User Roles link if you have access. Use User Roles to create permission roles and assign your users to those roles. 
              </p>
            </div>
          </div>
        </div>
      </div>
    </pf-page-with-title-bar>
  </pf-async-container>
</pf-user-management-page>
`;

exports[`Admin - Company Admin - User Page Should show the edit user page 1`] = `
<pf-user-management-page
  accessLevel={[Function String]}
  addUserFlag={[Function Boolean]}
  apiError$={[Function Store]}
  companyId="undefined"
  loaded$={[Function Store]}
  loading$={[Function Store]}
  location={[Function SpyLocation]}
  permissions={[Function Array]}
  route={[Function ActivatedRoute]}
  store={[Function Store]}
  user$={[Function Store]}
  userContext$={[Function Observable]}
  userId="undefined"
  userRoles$={[Function Store]}
>
  <pf-async-container>
    <pf-page-with-title-bar>
      
       Add User 
      
      <button
        class="btn btn-primary"
        id="user-page-save"
      >
        Save
      </button>
      <button
        class="btn btn-secondary"
        id="user-page-cancel"
      >
        Cancel
      </button>
      
      
      <div
        class="row no-gutters"
      >
        <div
          class="col-lg-6 px-3"
        >
          <pf-user-form />
        </div>
        <div
          class="col-lg-6 px-3 mt-4"
        >
          <div
            class="card"
          >
            <div
              class="card-body"
            >
              <h3
                class="card-title text-center"
              >
                 We've moved! 
              </h3>
              <p
                class="card-text"
              >
                 Tile access and restrictions are now managed with our new User Roles functionality. To access User Roles, click on the dropdown next to your name on the top right of the screen and select Company Administration. In the User Management section, you will see a User Roles link if you have access. Use User Roles to create permission roles and assign your users to those roles. 
              </p>
            </div>
          </div>
        </div>
      </div>
    </pf-page-with-title-bar>
  </pf-async-container>
</pf-user-management-page>
`;
