// Jest Snapshot v1, https://goo.gl/fbAQLP

exports[`Legacy Content - Peer - Filter Component should set selections from filter on init 1`] = `
<pf-peer-data-cut-filter
  data={[Function Array]}
  filter={[Function Object]}
  list={[Function ElementRef]}
  selectionChanged={[Function EventEmitter]}
  selections={[Function Array]}
  source={[Function Array]}
>
  <label
    for="MockId"
  >
    MockLabel
  </label>
  <kendo-multiselect
    id="MockId"
    textfield="Item"
    valuefield="Item"
  >
    
  
  </kendo-multiselect>
  
</pf-peer-data-cut-filter>
`;
