// Jest Snapshot v1, https://goo.gl/fbAQLP

exports[`CompanyJobsComponent should show total company jobs 1`] = `
<pf-peer-job-association-company-jobs
  badRequestError=""
  badRequestError$={[Function Store]}
  badRequestErrorSubscription={[Function Subscriber]}
  companyJobGridDataResult={[Function Object]}
  companyJobSearchComponent="undefined"
  companyJobsGridItemsData$={[Function Store]}
  companyJobsGridItemsDataSubscription={[Function Subscriber]}
  exchangeJobAssociations={[Function Array]}
  exchangeJobAssociationsSubscription={[Function Subscriber]}
  grid="undefined"
  gridState$={[Function Store]}
  isDetailPanelExpanded$={[Function Store]}
  isRowSelected={[Function Function]}
  loading$={[Function Store]}
  loadingError$={[Function Store]}
  maxSelectionThreshold={[Function Number]}
  searchTerm=""
  searchTermSubscription={[Function Subscriber]}
  selectedCompanyJobIds={[Function Array]}
  selectedCompanyJobInDetailPanel={[Function Object]}
  selectedCompanyJobInDetailPanel$={[Function Store]}
  selectedCompanyJobInDetailPanelSubscription={[Function Subscriber]}
  selectedCompanyJobsSubscription={[Function Subscriber]}
  store={[Function Store]}
  tooltipDir="undefined"
  totalCompanyJobsGridItems$={[Function Store]}
>
  <h2
    class="text-center mb-3"
  >
    Company Jobs
  </h2><div
    class="filters position-relative d-flex mt-2 mb-2"
  >
    <i
      class="fas fa-search position-absolute"
    />
    <pf-input-debounce
      id="company-jobs-search-box"
    />
  </div><div>
    <label
      class="text-uppercase"
      data-qa-id="lbl-company-jobs-total"
    >
       company jobs: 0 total | selected: 0 
    </label>
  </div><div
    class="grid-container position-relative"
  >
    <pf-async-container
      class="h-100"
    >
      <div
        class="k-tooltip-container"
        filter=".k-grid td"
        kendotooltip=""
        showon="none"
      >
        <pf-grid-detail-panel />
        <kendo-grid
          style="height: 100%;"
        >
          <kendo-grid-checkbox-column
            showselectall="true"
          >
            
          </kendo-grid-checkbox-column>
          <kendo-grid-column
            field="CompanyJobId"
            hidden="hidden"
            title="Id"
          />
          <kendo-grid-column
            field="JobTitle"
            title="Job Title"
          >
            
          </kendo-grid-column>
          <kendo-grid-column
            field="JobCode"
            title="Job Code"
          >
            
          </kendo-grid-column>
          <kendo-grid-column
            field="JobFamily"
            title="Job Family"
          >
            
          </kendo-grid-column>
          <kendo-grid-column
            field="AssociationStatus"
            title="Status"
          >
            
          </kendo-grid-column>
          
        </kendo-grid>
      </div>
    </pf-async-container>
  </div>
</pf-peer-job-association-company-jobs>
`;
