// Jest Snapshot v1, https://goo.gl/fbAQLP

exports[`ExchangeJobsComponent should show total exchange jobs 1`] = `
<pf-peer-job-association-exchange-jobs
  exchangeJobAssociations={[Function Array]}
  exchangeJobAssociations$={[Function Store]}
  exchangeJobAssociationsSubscription={[Function Subscriber]}
  exchangeJobs$={[Function Store]}
  grid="undefined"
  gridResultsCount$={[Function Store]}
  gridState$={[Function Store]}
  isDetailPanelExpanded$={[Function Store]}
  isJobFamilyFilterExpanded="false"
  isJobFamilyFilterExpanded$={[Function Store]}
  isJobFamilyFilterExpandedSubscription={[Function Subscriber]}
  isJobFamilyFilterLoading$={[Function Store]}
  isListView={[Function Boolean]}
  jobFamilyFilterOptions$={[Function Store]}
  jobTitleSearchComponent="undefined"
  loading$={[Function Store]}
  loadingError$={[Function Store]}
  loadingPreviousAssociations$={[Function Store]}
  loadingPreviousAssociationsError$={[Function Store]}
  loadingPreviousAssociationsSuccess$={[Function Store]}
  maxAssociableThreshold={[Function Number]}
  previousAssociations$={[Function Store]}
  searchTerm=""
  searchTermSubscription={[Function Subscriber]}
  selectedCompanyJobs={[Function Array]}
  selectedCompanyJobs$={[Function Store]}
  selectedCompanyJobsSubscription={[Function Subscriber]}
  selectedExchangeJob={[Function Object]}
  selectedExchangeJob$={[Function Store]}
  selectedExchangeJobSubscription={[Function Subscriber]}
  selectedJobFamilyOptionNames$={[Function Store]}
  store={[Function Store]}
  tooltipDir="undefined"
  totalPeerExchangeJobs$={[Function Store]}
>
  <h2
    class="text-center"
  >
    Peer Exchange Jobs
  </h2><div
    class="filters position-relative d-flex mt-2 mb-2"
  >
    <div>
      <i
        class="fas fa-search position-absolute"
      />
      <pf-input-debounce
        id="exchange-jobs-search-box"
      />
    </div>
    <div
      class="ml-3"
    >
      <pf-multi-select
        pfclickelsewhere=""
      />
    </div>
  </div><div>
    <label
      class="text-uppercase"
      data-qa-id="lbl-exchange-jobs-total"
    >
       peer exchange jobs: 0 total 
    </label>
    <button
      class="view-button ml-2 invisible view-button-active"
      ng-reflect-klass="view-button ml-2 invisible"
      ng-reflect-ng-class="[object Object]"
      title="Grid View"
    >
      <i
        class="fas fa-table"
      />
    </button>
    <button
      class="view-button invisible"
      ng-reflect-klass="view-button invisible"
      ng-reflect-ng-class="[object Object]"
      title="Detail View"
    >
      <i
        class="fas fa-list"
      />
    </button>
  </div><div
    class="grid-container position-relative"
  >
    <pf-async-container
      class="h-100"
    >
      
      <div
        class="k-tooltip-container"
        filter=".k-grid td"
        kendotooltip=""
        showon="none"
      >
        <pf-grid-detail-panel />
        <kendo-grid
          style="height: 100%;"
        >
          <kendo-grid-column>
            
          </kendo-grid-column>
          <kendo-grid-column
            field="ExchangeJobTitle"
            title="Job Title"
          >
            
          </kendo-grid-column>
          <kendo-grid-column
            field="ExchangeJobFamily"
            title="Job Family"
          >
            
          </kendo-grid-column>
          <kendo-grid-column
            field="ExchangeName"
            title="Exchange Name"
          />
          
          
        </kendo-grid>
      </div>
      
    </pf-async-container>
  </div>
</pf-peer-job-association-exchange-jobs>
`;
