// Jest Snapshot v1, https://goo.gl/fbAQLP

exports[`Peer - Exchange Dashboard should show the dashboard with the exchange name and a container for the charts 1`] = `
<pf-exchange-dashboard-page
  exchange$={[Function ScalarObservable]}
  exchangeId={[Function Number]}
  industryChartItems$={[Function Store]}
  route={[Function Object]}
  router={[Function Object]}
  store={[Function Store]}
>
  <pf-page-with-title-bar>
    
  
    
    
    
      Mock Exchange - Dashboard
    
    
  
    
    
    
      
    <button
      class="btn btn-primary"
      type="button"
    >
      Invite Company
    </button>
    
      
    <button
      class="btn btn-primary"
      type="button"
    >
      Manage Jobs
    </button>
    
    
    
  
    
    
    
      
    <div
      class="flex-column-container"
    >
      
        
      <div
        class="card w-100 h-100"
      >
        
          
        <div
          class="card-header"
        >
          
            Industries
          
        </div>
        
          
        <div
          class="card-body"
        >
          
            
          <kendo-chart>
            
              
            <kendo-chart-legend
              position="bottom"
            />
            
              
            <kendo-chart-area
              background="none"
            />
            
              
            <kendo-chart-tooltip>
              
                
              
              
              
            </kendo-chart-tooltip>
            
              
            <kendo-chart-series>
              
                
              <kendo-chart-series-item
                categoryfield="Category"
                field="Value"
                type="donut"
              >
                
                
              </kendo-chart-series-item>
              
              
            </kendo-chart-series>
            
            
          </kendo-chart>
          
          
        </div>
        
        
      </div>
      
      
    </div>
    
    
    
  
  
  </pf-page-with-title-bar>
  
  <pf-payfactors-company-modal />
  
</pf-exchange-dashboard-page>
`;
