// Jest Snapshot v1, https://goo.gl/fbAQLP

exports[`Data-Insights Report Field Component should show edit form when toggleEdit is triggered 1`] = `
<pf-report-field
  displayNameUpdated={[Function EventEmitter_]}
  fieldIsActive={[Function EventEmitter_]}
  fieldRemoved={[Function EventEmitter_]}
  inputField="undefined"
  isEditing={[Function Boolean]}
>
  <div
    class="gu-mirror-show"
  >
     selected 
    <strong>
      
    </strong>
     field
    
     for reordering
  
  </div>
</pf-report-field>
`;
